// Jest Snapshot v1, https://goo.gl/fbAQLP

exports[`snapshot should match with snapshot 1`] = `
<styled.h1>
  Helloooooo
</styled.h1>
`;
